../Drivers/BSP/Components/lan8742/lan8742.c:62:10:LAN8742_RegisterBusIO	16	static
../Drivers/BSP/Components/lan8742/lan8742.c:87:10:LAN8742_Init	32	static
../Drivers/BSP/Components/lan8742/lan8742.c:187:9:LAN8742_DeInit	16	static
../Drivers/BSP/Components/lan8742/lan8742.c:212:9:LAN8742_DisablePowerDownMode	24	static
../Drivers/BSP/Components/lan8742/lan8742.c:242:9:LAN8742_EnablePowerDownMode	24	static
../Drivers/BSP/Components/lan8742/lan8742.c:272:9:LAN8742_StartAutoNego	24	static
../Drivers/BSP/Components/lan8742/lan8742.c:308:9:LAN8742_GetLinkState	24	static
../Drivers/BSP/Components/lan8742/lan8742.c:400:9:LAN8742_SetLinkState	24	static
../Drivers/BSP/Components/lan8742/lan8742.c:452:9:LAN8742_EnableLoopbackMode	24	static
../Drivers/BSP/Components/lan8742/lan8742.c:482:9:LAN8742_DisableLoopbackMode	24	static
../Drivers/BSP/Components/lan8742/lan8742.c:522:9:LAN8742_EnableIT	24	static
../Drivers/BSP/Components/lan8742/lan8742.c:562:9:LAN8742_DisableIT	24	static
../Drivers/BSP/Components/lan8742/lan8742.c:601:10:LAN8742_ClearIT	24	static
../Drivers/BSP/Components/lan8742/lan8742.c:631:9:LAN8742_GetITStatus	24	static
