../Middlewares/ST/netxduo/common/drivers/ethernet/nx_stm32_eth_driver.c:144:7:nx_stm32_eth_driver	16	static
../Middlewares/ST/netxduo/common/drivers/ethernet/nx_stm32_eth_driver.c:309:14:_nx_driver_interface_attach	16	static
../Middlewares/ST/netxduo/common/drivers/ethernet/nx_stm32_eth_driver.c:368:14:_nx_driver_initialize	40	static
../Middlewares/ST/netxduo/common/drivers/ethernet/nx_stm32_eth_driver.c:494:14:_nx_driver_enable	136	static
../Middlewares/ST/netxduo/common/drivers/ethernet/nx_stm32_eth_driver.c:654:14:_nx_driver_disable	24	static
../Middlewares/ST/netxduo/common/drivers/ethernet/nx_stm32_eth_driver.c:740:14:_nx_driver_packet_send	32	static
../Middlewares/ST/netxduo/common/drivers/ethernet/nx_stm32_eth_driver.c:907:14:_nx_driver_multicast_join	24	static
../Middlewares/ST/netxduo/common/drivers/ethernet/nx_stm32_eth_driver.c:975:14:_nx_driver_multicast_leave	24	static
../Middlewares/ST/netxduo/common/drivers/ethernet/nx_stm32_eth_driver.c:1042:14:_nx_driver_get_status	24	static
../Middlewares/ST/netxduo/common/drivers/ethernet/nx_stm32_eth_driver.c:1227:14:_nx_driver_deferred_processing	40	static,ignoring_inline_asm
../Middlewares/ST/netxduo/common/drivers/ethernet/nx_stm32_eth_driver.c:1310:13:_nx_driver_transfer_to_netx	24	static
../Middlewares/ST/netxduo/common/drivers/ethernet/nx_stm32_eth_driver.c:1418:14:_nx_driver_hardware_initialize	56	static
../Middlewares/ST/netxduo/common/drivers/ethernet/nx_stm32_eth_driver.c:1544:14:_nx_driver_hardware_enable	16	static
../Middlewares/ST/netxduo/common/drivers/ethernet/nx_stm32_eth_driver.c:1598:14:_nx_driver_hardware_disable	16	static
../Middlewares/ST/netxduo/common/drivers/ethernet/nx_stm32_eth_driver.c:1649:14:_nx_driver_hardware_packet_send	96	static,ignoring_inline_asm
../Middlewares/ST/netxduo/common/drivers/ethernet/nx_stm32_eth_driver.c:1756:14:_nx_driver_hardware_multicast_join	16	static
../Middlewares/ST/netxduo/common/drivers/ethernet/nx_stm32_eth_driver.c:1812:14:_nx_driver_hardware_multicast_leave	16	static
../Middlewares/ST/netxduo/common/drivers/ethernet/nx_stm32_eth_driver.c:1871:14:_nx_driver_hardware_get_status	24	static
../Middlewares/ST/netxduo/common/drivers/ethernet/nx_stm32_eth_driver.c:1894:6:HAL_ETH_TxFreeCallback	24	static
../Middlewares/ST/netxduo/common/drivers/ethernet/nx_stm32_eth_driver.c:1905:14:_nx_driver_hardware_packet_received	16	static
../Middlewares/ST/netxduo/common/drivers/ethernet/nx_stm32_eth_driver.c:1916:6:HAL_ETH_RxAllocateCallback	40	static,ignoring_inline_asm
../Middlewares/ST/netxduo/common/drivers/ethernet/nx_stm32_eth_driver.c:1967:6:HAL_ETH_RxLinkCallback	40	static
../Middlewares/ST/netxduo/common/drivers/ethernet/nx_stm32_eth_driver.c:2044:6:HAL_ETH_RxCpltCallback	24	static
../Middlewares/ST/netxduo/common/drivers/ethernet/nx_stm32_eth_driver.c:2059:6:HAL_ETH_TxCpltCallback	24	static
